[TrackPoint(position=Vector(x=-38626.81513977051, y=28.410934448242188, z=35655.31903076172), time=296378)]