{
    "_db": {
        "_conn": {
            "py/object": "sqlite3.Connection"
        },
        "py/object": "ets2.database.DataBase"
    },
    "_model": {
        "_observers": [
            {
                "py/id": 0
            }
        ],
        "game": {
            "id": "ats",
            "name": "American Truck Simulator 1.36.1.34s",
            "py/object": "ets2.model.Game",
            "raw_version": 65539,
            "version": {
                "major": 1,
                "minor": 3,
                "py/object": "ets2.model.Version"
            }
        },
        "info": {
            "paused": false,
            "py/object": "ets2.model.Info"
        },
        "job": {
            "cargo": "Lumber",
            "cargo_id": "lumber_b",
            "cargo_mass": 21387.240234375,
            "delivery_time": 38821,
            "destination_city": "Coos Bay",
            "destination_city_id": "coos_bay",
            "destination_company": "Olthon Homes",
            "destination_company_id": "oh_con_hom",
            "income": 18742,
            "py/object": "ets2.model.JobConfig",
            "source_city": "Port Angeles",
            "source_city_id": "port_angeles",
            "source_company": "Deepgrove",
            "source_company_id": "dg_wd_saw"
        },
        "py/object": "ets2.model.Model",
        "telematic": {
            "common": {
                "game_time": 37228,
                "py/object": "ets2.model.Common",
                "rest_stop": 220,
                "scale": 3.0
            },
            "py/object": "ets2.model.Telematic",
            "trailer": {
                "acceleration_angular": {
                    "py/object": "ets2.model.Vector",
                    "x": -0.007289553992450237,
                    "y": 3.3804564736783504e-05,
                    "z": -0.001828339183703065
                },
                "acceleration_linear": {
                    "py/object": "ets2.model.Vector",
                    "x": -0.007743027992546558,
                    "y": -0.024335527792572975,
                    "z": -0.006259627174586058
                },
                "cargo_damage": 0.0,
                "connected": false,
                "py/object": "ets2.model.Trailer",
                "velocity_angular": {
                    "py/object": "ets2.model.Vector",
                    "x": -0.0010362350149080157,
                    "y": 1.0830994142452255e-05,
                    "z": -0.0002931451308541
                },
                "velocity_linear": {
                    "py/object": "ets2.model.Vector",
                    "x": -0.0008678262238390744,
                    "y": -0.006193636916577816,
                    "z": -0.0012792126508429646
                },
                "wear_chassis": 0.0,
                "wear_wheels": 0.0,
                "world_placement": {
                    "orientation": {
                        "heading": 0.9233342409133911,
                        "pitch": -0.0002509714977350086,
                        "py/object": "ets2.model.Euler",
                        "roll": -1.7872327589429915e-05
                    },
                    "position": {
                        "py/object": "ets2.model.Vector",
                        "x": -104230.42456054688,
                        "y": 12.102143287658691,
                        "z": -66722.82945251465
                    },
                    "py/object": "ets2.model.Placement"
                }
            },
            "truck": {
                "adblue": 79.88677978515625,
                "adblue_warning": false,
                "battery_voltage": 13.751858711242676,
                "battery_voltage_warning": false,
                "brake_air_pressure": 101.76799774169922,
                "brake_air_pressure_emergency": false,
                "brake_air_pressure_warning": false,
                "brake_motor": false,
                "brake_parking": false,
                "brake_retarder": 0,
                "brake_temperature": 133.95758056640625,
                "cabin_acceleration_angular": {
                    "py/object": "ets2.model.Vector",
                    "x": 0.0,
                    "y": 0.0,
                    "z": 0.0
                },
                "cabin_offset": {
                    "orientation": {
                        "heading": 0.0,
                        "pitch": 0.0,
                        "py/object": "ets2.model.Euler",
                        "roll": 0.0
                    },
                    "position": {
                        "py/object": "ets2.model.Vector",
                        "x": 0.0,
                        "y": 0.0,
                        "z": 0.0
                    },
                    "py/object": "ets2.model.Placement"
                },
                "cabin_velocity_angular": {
                    "py/object": "ets2.model.Vector",
                    "x": 0.0,
                    "y": 0.0,
                    "z": 0.0
                },
                "cruise_control": 0.0,
                "dashboard_backlight": 1.0,
                "displayed_gear": 3,
                "effective_brake": 1.0,
                "effective_clutch": 0.22759786248207092,
                "effective_steering": -0.03430912271142006,
                "effective_throttle": 0.0,
                "electric_enabled": true,
                "engine_enabled": true,
                "engine_gear": 0,
                "engine_rpm": 600.1014404296875,
                "fuel_amount": 755.7356567382812,
                "fuel_consumption_average": 0.459848552942276,
                "fuel_range": 2373.0830078125,
                "fuel_warning": false,
                "head_offset": {
                    "orientation": {
                        "heading": 0.0,
                        "pitch": -0.01944444701075554,
                        "py/object": "ets2.model.Euler",
                        "roll": 0.0
                    },
                    "position": {
                        "py/object": "ets2.model.Vector",
                        "x": 0.0,
                        "y": -0.019999999552965164,
                        "z": 0.0
                    },
                    "py/object": "ets2.model.Placement"
                },
                "hshifter_slot": 0,
                "input_brake": 0.0,
                "input_clutch": 0.0,
                "input_steering": -0.03430912271142006,
                "input_throttle": 0.0,
                "lblinker": false,
                "light_aux_front": 0,
                "light_aux_roof": 0,
                "light_beacon": false,
                "light_beam_high": false,
                "light_beam_low": false,
                "light_brake": false,
                "light_lblinker": false,
                "light_parking": false,
                "light_rblinker": false,
                "light_reverse": false,
                "local_acceleration_angular": {
                    "py/object": "ets2.model.Vector",
                    "x": -0.009236913174390793,
                    "y": 5.896131551708095e-05,
                    "z": -0.00035891516017727554
                },
                "local_acceleration_linear": {
                    "py/object": "ets2.model.Vector",
                    "x": 0.00040731264743953943,
                    "y": -0.10982277244329453,
                    "z": 0.013066155835986137
                },
                "local_velocity_angular": {
                    "py/object": "ets2.model.Vector",
                    "x": 0.00017813759041018784,
                    "y": -2.316460268048104e-05,
                    "z": -2.6898604119196534e-05
                },
                "local_velocity_linear": {
                    "py/object": "ets2.model.Vector",
                    "x": -0.00013748378842137754,
                    "y": -0.006711939349770546,
                    "z": -0.0002523705188650638
                },
                "navigation_distance": 0.0,
                "navigation_speed_limit": 15.646400451660156,
                "navigation_time": 0.0,
                "odometer": 16461.01171875,
                "oil_pressure": 42.539058685302734,
                "oil_pressure_warning": false,
                "oil_temperature": 79.49394226074219,
                "py/object": "ets2.model.Truck",
                "rblinker": false,
                "speed": 0.00036216891021467745,
                "water_temperature": 59.09098434448242,
                "water_temperature_warning": false,
                "wear_cabin": 0.0,
                "wear_chassis": 0.0,
                "wear_engine": 0.0007700005080550909,
                "wear_transmission": 0.0007700005080550909,
                "wear_wheels": 0.007700022310018539,
                "wipers": false,
                "world_placement": {
                    "orientation": {
                        "heading": 0.9165711998939514,
                        "pitch": 1.4115723388385959e-05,
                        "py/object": "ets2.model.Euler",
                        "roll": 1.13836483706109e-06
                    },
                    "position": {
                        "py/object": "ets2.model.Vector",
                        "x": -104272.02157592773,
                        "y": 12.105117797851562,
                        "z": -66604.86675262451
                    },
                    "py/object": "ets2.model.Placement"
                }
            }
        },
        "tracks": {
            "last_time": 37228,
            "points": [
                {
                    "orientation": {
                        "heading": 0.4340660274028778,
                        "pitch": 0.0,
                        "py/object": "ets2.model.Euler",
                        "roll": 0.0
                    },
                    "position": {
                        "py/object": "ets2.model.Vector",
                        "x": -104305.18292236328,
                        "y": 12.102846145629883,
                        "z": -66655.20185089111
                    },
                    "py/object": "ets2.model.Placement"
                },
                {
                    "orientation": {
                        "heading": 0.9165719151496887,
                        "pitch": -4.098113549844129e-06,
                        "py/object": "ets2.model.Euler",
                        "roll": 2.504402573322295e-06
                    },
                    "position": {
                        "py/object": "ets2.model.Vector",
                        "x": -104272.02157592773,
                        "y": 12.105484962463379,
                        "z": -66604.86669540405
                    },
                    "py/object": "ets2.model.Placement"
                }
            ],
            "py/object": "ets2.model.Tracks"
        },
        "trailer_config": [
            {
                "body_type": "flatbed",
                "cargo_accessory_id": "scs_flatbed.beams_28",
                "chain_type": "double",
                "hook_position": {
                    "py/object": "ets2.model.Vector",
                    "x": 0.0,
                    "y": 1.0,
                    "z": -5.362109661102295
                },
                "id": "scs_flatbed.flatbed28_hookx2esii",
                "license_plate": "40118TR",
                "license_plate_country": "Washington",
                "license_plate_country_id": "washington",
                "py/object": "ets2.model.TrailerConfig",
                "wheel_position": {
                    "py/object": "ets2.model.Vector",
                    "x": 0.9244899749755859,
                    "y": 0.5199999809265137,
                    "z": 1.309550404548645
                },
                "wheel_powered": false,
                "wheel_radius": 0.5199999809265137,
                "wheel_simulated": true,
                "wheel_steerable": false,
                "wheels_count": 2
            },
            {
                "body_type": null,
                "cargo_accessory_id": "",
                "chain_type": null,
                "hook_position": {
                    "py/object": "ets2.model.Vector",
                    "x": 0.0,
                    "y": 1.0,
                    "z": -1.660975694656372
                },
                "id": "scs_flatbed.dolly_cx2esii",
                "license_plate": "10960TR",
                "license_plate_country": "Washington",
                "license_plate_country_id": "washington",
                "py/object": "ets2.model.TrailerConfig",
                "wheel_position": {
                    "py/object": "ets2.model.Vector",
                    "x": 0.9244899749755859,
                    "y": 0.5199999809265137,
                    "z": 0.9275853037834167
                },
                "wheel_powered": false,
                "wheel_radius": 0.5199999809265137,
                "wheel_simulated": true,
                "wheel_steerable": false,
                "wheels_count": 2
            },
            {
                "body_type": null,
                "cargo_accessory_id": "scs_flatbed.beams_28",
                "chain_type": null,
                "hook_position": {
                    "py/object": "ets2.model.Vector",
                    "x": 0.0,
                    "y": 1.0,
                    "z": -5.362109661102295
                },
                "id": "scs_flatbed.flatbed28_hookx2esii",
                "license_plate": "20071TR",
                "license_plate_country": "Washington",
                "license_plate_country_id": "washington",
                "py/object": "ets2.model.TrailerConfig",
                "wheel_position": {
                    "py/object": "ets2.model.Vector",
                    "x": 0.9244899749755859,
                    "y": 0.5199999809265137,
                    "z": 1.309550404548645
                },
                "wheel_powered": false,
                "wheel_radius": 0.5199999809265137,
                "wheel_simulated": true,
                "wheel_steerable": false,
                "wheels_count": 2
            },
            null,
            null,
            null,
            null,
            null,
            null,
            null
        ],
        "truck_config": {
            "adblue_capacity": 80.0,
            "adblue_warning_factor": 0.15000000596046448,
            "battery_voltage_warning": 11.880000114440918,
            "brake_air_pressure_emergency": 29.579999923706055,
            "brake_air_pressure_warning": 59.15999984741211,
            "brand": "Volvo",
            "brand_id": "volvo",
            "cabin_position": {
                "py/object": "ets2.model.Vector",
                "x": 0.0,
                "y": 3.0,
                "z": -2.0
            },
            "differential_ratio": 3.549999952316284,
            "forward_ratio": 0.7300000190734863,
            "fuel_capacity": 758.0,
            "fuel_warning_factor": 0.15000000596046448,
            "gears_forward": 13,
            "gears_reverse": 3,
            "head_position": {
                "py/object": "ets2.model.Vector",
                "x": -0.5642366409301758,
                "y": -0.5814938545227051,
                "z": 0.570602536201477
            },
            "hook_position": {
                "py/object": "ets2.model.Vector",
                "x": 0.0,
                "y": 1.0,
                "z": 1.068235158920288
            },
            "id": "vehicle.volvo.vnl",
            "license_plate": "8A7P001",
            "license_plate_country": "California",
            "license_plate_country_id": "california",
            "name": "VNL",
            "oil_pressure_warning": 10.149999618530273,
            "py/object": "ets2.model.TruckConfig",
            "retarder_steps": 3,
            "reverse_ratio": -4.03000020980835,
            "rpm_limit": 2100.0,
            "water_temperature_warning": 105.0,
            "wheel_position": {
                "py/object": "ets2.model.Vector",
                "x": 0.9612910747528076,
                "y": 0.5059999823570251,
                "z": 0.5031635761260986
            },
            "wheel_powered": true,
            "wheel_radius": 0.5072842240333557,
            "wheel_simulated": true,
            "wheel_steerable": false,
            "wheels_count": 6
        }
    },
    "jobs": [
        {
            "cancelled": null,
            "config": null,
            "delivered": null,
            "ended": 37228,
            "id": 1,
            "py/object": "ets2.jobs.Job",
            "started": null,
            "track": {
                "last_time": 37228,
                "points": [
                    {
                        "py/id": 37
                    },
                    {
                        "py/id": 40
                    }
                ],
                "py/object": "ets2.model.Tracks"
            }
        },
        {
            "cancelled": null,
            "config": {
                "py/id": 8
            },
            "delivered": null,
            "ended": null,
            "id": 2,
            "py/object": "ets2.jobs.Job",
            "started": 37228,
            "track": {
                "last_time": 37228,
                "points": [
                    {
                        "py/id": 40
                    }
                ],
                "py/object": "ets2.model.Tracks"
            }
        }
    ],
    "py/object": "ets2.work_log.WorkLog"
}